Archive member included to satisfy reference by file (symbol)

c:/st/stm32cubeide_1.6.1/stm32cubeide/plugins/com.st.stm32cube.ide.mcu.externaltools.gnu-tools-for-stm32.9-2020-q2-update.win32_1.5.0.202011040924/tools/bin/../lib/gcc/arm-none-eabi/9.3.1/../../../../arm-none-eabi/lib/thumb/v7e-m+fp/hard\libc_nano.a(lib_a-errno.o)
                              Core/Src/syscalls.o (__errno)
c:/st/stm32cubeide_1.6.1/stm32cubeide/plugins/com.st.stm32cube.ide.mcu.externaltools.gnu-tools-for-stm32.9-2020-q2-update.win32_1.5.0.202011040924/tools/bin/../lib/gcc/arm-none-eabi/9.3.1/../../../../arm-none-eabi/lib/thumb/v7e-m+fp/hard\libc_nano.a(lib_a-exit.o)
                              c:/st/stm32cubeide_1.6.1/stm32cubeide/plugins/com.st.stm32cube.ide.mcu.externaltools.gnu-tools-for-stm32.9-2020-q2-update.win32_1.5.0.202011040924/tools/bin/../lib/gcc/arm-none-eabi/9.3.1/../../../../arm-none-eabi/lib/thumb/v7e-m+fp/hard/crt0.o (exit)
c:/st/stm32cubeide_1.6.1/stm32cubeide/plugins/com.st.stm32cube.ide.mcu.externaltools.gnu-tools-for-stm32.9-2020-q2-update.win32_1.5.0.202011040924/tools/bin/../lib/gcc/arm-none-eabi/9.3.1/../../../../arm-none-eabi/lib/thumb/v7e-m+fp/hard\libc_nano.a(lib_a-impure.o)
                              c:/st/stm32cubeide_1.6.1/stm32cubeide/plugins/com.st.stm32cube.ide.mcu.externaltools.gnu-tools-for-stm32.9-2020-q2-update.win32_1.5.0.202011040924/tools/bin/../lib/gcc/arm-none-eabi/9.3.1/../../../../arm-none-eabi/lib/thumb/v7e-m+fp/hard\libc_nano.a(lib_a-exit.o) (_global_impure_ptr)
c:/st/stm32cubeide_1.6.1/stm32cubeide/plugins/com.st.stm32cube.ide.mcu.externaltools.gnu-tools-for-stm32.9-2020-q2-update.win32_1.5.0.202011040924/tools/bin/../lib/gcc/arm-none-eabi/9.3.1/../../../../arm-none-eabi/lib/thumb/v7e-m+fp/hard\libc_nano.a(lib_a-init.o)
                              c:/st/stm32cubeide_1.6.1/stm32cubeide/plugins/com.st.stm32cube.ide.mcu.externaltools.gnu-tools-for-stm32.9-2020-q2-update.win32_1.5.0.202011040924/tools/bin/../lib/gcc/arm-none-eabi/9.3.1/../../../../arm-none-eabi/lib/thumb/v7e-m+fp/hard/crt0.o (__libc_init_array)
c:/st/stm32cubeide_1.6.1/stm32cubeide/plugins/com.st.stm32cube.ide.mcu.externaltools.gnu-tools-for-stm32.9-2020-q2-update.win32_1.5.0.202011040924/tools/bin/../lib/gcc/arm-none-eabi/9.3.1/../../../../arm-none-eabi/lib/thumb/v7e-m+fp/hard\libc_nano.a(lib_a-memset.o)
                              c:/st/stm32cubeide_1.6.1/stm32cubeide/plugins/com.st.stm32cube.ide.mcu.externaltools.gnu-tools-for-stm32.9-2020-q2-update.win32_1.5.0.202011040924/tools/bin/../lib/gcc/arm-none-eabi/9.3.1/../../../../arm-none-eabi/lib/thumb/v7e-m+fp/hard/crt0.o (memset)

Allocating common symbols
Common symbol       size              file

uwTick              0x4               Drivers/STM32L4xx_HAL_Driver/Src/stm32l4xx_hal.o

Discarded input sections

 .text          0x0000000000000000        0x0 c:/st/stm32cubeide_1.6.1/stm32cubeide/plugins/com.st.stm32cube.ide.mcu.externaltools.gnu-tools-for-stm32.9-2020-q2-update.win32_1.5.0.202011040924/tools/bin/../lib/gcc/arm-none-eabi/9.3.1/thumb/v7e-m+fp/hard/crti.o
 .data          0x0000000000000000        0x0 c:/st/stm32cubeide_1.6.1/stm32cubeide/plugins/com.st.stm32cube.ide.mcu.externaltools.gnu-tools-for-stm32.9-2020-q2-update.win32_1.5.0.202011040924/tools/bin/../lib/gcc/arm-none-eabi/9.3.1/thumb/v7e-m+fp/hard/crti.o
 .bss           0x0000000000000000        0x0 c:/st/stm32cubeide_1.6.1/stm32cubeide/plugins/com.st.stm32cube.ide.mcu.externaltools.gnu-tools-for-stm32.9-2020-q2-update.win32_1.5.0.202011040924/tools/bin/../lib/gcc/arm-none-eabi/9.3.1/thumb/v7e-m+fp/hard/crti.o
 .data          0x0000000000000000        0x4 c:/st/stm32cubeide_1.6.1/stm32cubeide/plugins/com.st.stm32cube.ide.mcu.externaltools.gnu-tools-for-stm32.9-2020-q2-update.win32_1.5.0.202011040924/tools/bin/../lib/gcc/arm-none-eabi/9.3.1/thumb/v7e-m+fp/hard/crtbegin.o
 .text          0x0000000000000000       0x7c c:/st/stm32cubeide_1.6.1/stm32cubeide/plugins/com.st.stm32cube.ide.mcu.externaltools.gnu-tools-for-stm32.9-2020-q2-update.win32_1.5.0.202011040924/tools/bin/../lib/gcc/arm-none-eabi/9.3.1/../../../../arm-none-eabi/lib/thumb/v7e-m+fp/hard/crt0.o
 .data          0x0000000000000000        0x0 c:/st/stm32cubeide_1.6.1/stm32cubeide/plugins/com.st.stm32cube.ide.mcu.externaltools.gnu-tools-for-stm32.9-2020-q2-update.win32_1.5.0.202011040924/tools/bin/../lib/gcc/arm-none-eabi/9.3.1/../../../../arm-none-eabi/lib/thumb/v7e-m+fp/hard/crt0.o
 .bss           0x0000000000000000        0x0 c:/st/stm32cubeide_1.6.1/stm32cubeide/plugins/com.st.stm32cube.ide.mcu.externaltools.gnu-tools-for-stm32.9-2020-q2-update.win32_1.5.0.202011040924/tools/bin/../lib/gcc/arm-none-eabi/9.3.1/../../../../arm-none-eabi/lib/thumb/v7e-m+fp/hard/crt0.o
[...]
Memory Configuration

Name             Origin             Length             Attributes
RAM_EMPTY        0x0000000020000000 0x0000000000000800 xrw
RAM_GENERAL      0x0000000020000800 0x000000000000f800 xrw
FLASH_BOOTLOADER 0x0000000008000000 0x0000000000005000 xr
FLASH_FIRMWARES  0x0000000008005000 0x000000000003b000 xr
*default*        0x0000000000000000 0xffffffffffffffff

Linker script and memory map

LOAD c:/st/stm32cubeide_1.6.1/stm32cubeide/plugins/com.st.stm32cube.ide.mcu.externaltools.gnu-tools-for-stm32.9-2020-q2-update.win32_1.5.0.202011040924/tools/bin/../lib/gcc/arm-none-eabi/9.3.1/thumb/v7e-m+fp/hard/crti.o
LOAD c:/st/stm32cubeide_1.6.1/stm32cubeide/plugins/com.st.stm32cube.ide.mcu.externaltools.gnu-tools-for-stm32.9-2020-q2-update.win32_1.5.0.202011040924/tools/bin/../lib/gcc/arm-none-eabi/9.3.1/thumb/v7e-m+fp/hard/crtbegin.o
LOAD c:/st/stm32cubeide_1.6.1/stm32cubeide/plugins/com.st.stm32cube.ide.mcu.externaltools.gnu-tools-for-stm32.9-2020-q2-update.win32_1.5.0.202011040924/tools/bin/../lib/gcc/arm-none-eabi/9.3.1/../../../../arm-none-eabi/lib/thumb/v7e-m+fp/hard/crt0.o
LOAD Core/Src/main.o
LOAD Core/Src/stm32l4xx_hal_msp.o
LOAD Core/Src/stm32l4xx_it.o
LOAD Core/Src/syscalls.o
LOAD Core/Src/sysmem.o
LOAD Core/Src/system_stm32l4xx.o
LOAD Core/Startup/startup_stm32l432kcux.o
LOAD Drivers/STM32L4xx_HAL_Driver/Src/stm32l4xx_hal.o
LOAD Drivers/STM32L4xx_HAL_Driver/Src/stm32l4xx_hal_cortex.o
LOAD Drivers/STM32L4xx_HAL_Driver/Src/stm32l4xx_hal_dma.o
LOAD Drivers/STM32L4xx_HAL_Driver/Src/stm32l4xx_hal_dma_ex.o
LOAD Drivers/STM32L4xx_HAL_Driver/Src/stm32l4xx_hal_exti.o
LOAD Drivers/STM32L4xx_HAL_Driver/Src/stm32l4xx_hal_flash.o
LOAD Drivers/STM32L4xx_HAL_Driver/Src/stm32l4xx_hal_flash_ex.o
LOAD Drivers/STM32L4xx_HAL_Driver/Src/stm32l4xx_hal_flash_ramfunc.o
LOAD Drivers/STM32L4xx_HAL_Driver/Src/stm32l4xx_hal_gpio.o
LOAD Drivers/STM32L4xx_HAL_Driver/Src/stm32l4xx_hal_i2c.o
LOAD Drivers/STM32L4xx_HAL_Driver/Src/stm32l4xx_hal_i2c_ex.o
LOAD Drivers/STM32L4xx_HAL_Driver/Src/stm32l4xx_hal_pwr.o
LOAD Drivers/STM32L4xx_HAL_Driver/Src/stm32l4xx_hal_pwr_ex.o
LOAD Drivers/STM32L4xx_HAL_Driver/Src/stm32l4xx_hal_rcc.o
LOAD Drivers/STM32L4xx_HAL_Driver/Src/stm32l4xx_hal_rcc_ex.o
LOAD Drivers/STM32L4xx_HAL_Driver/Src/stm32l4xx_hal_tim.o
LOAD Drivers/STM32L4xx_HAL_Driver/Src/stm32l4xx_hal_tim_ex.o
START GROUP
LOAD c:/st/stm32cubeide_1.6.1/stm32cubeide/plugins/com.st.stm32cube.ide.mcu.externaltools.gnu-tools-for-stm32.9-2020-q2-update.win32_1.5.0.202011040924/tools/bin/../lib/gcc/arm-none-eabi/9.3.1/../../../../arm-none-eabi/lib/thumb/v7e-m+fp/hard\libc_nano.a
LOAD c:/st/stm32cubeide_1.6.1/stm32cubeide/plugins/com.st.stm32cube.ide.mcu.externaltools.gnu-tools-for-stm32.9-2020-q2-update.win32_1.5.0.202011040924/tools/bin/../lib/gcc/arm-none-eabi/9.3.1/../../../../arm-none-eabi/lib/thumb/v7e-m+fp/hard\libm.a
END GROUP
START GROUP
LOAD c:/st/stm32cubeide_1.6.1/stm32cubeide/plugins/com.st.stm32cube.ide.mcu.externaltools.gnu-tools-for-stm32.9-2020-q2-update.win32_1.5.0.202011040924/tools/bin/../lib/gcc/arm-none-eabi/9.3.1/thumb/v7e-m+fp/hard\libgcc.a
LOAD c:/st/stm32cubeide_1.6.1/stm32cubeide/plugins/com.st.stm32cube.ide.mcu.externaltools.gnu-tools-for-stm32.9-2020-q2-update.win32_1.5.0.202011040924/tools/bin/../lib/gcc/arm-none-eabi/9.3.1/../../../../arm-none-eabi/lib/thumb/v7e-m+fp/hard\libc_nano.a
END GROUP
START GROUP
LOAD c:/st/stm32cubeide_1.6.1/stm32cubeide/plugins/com.st.stm32cube.ide.mcu.externaltools.gnu-tools-for-stm32.9-2020-q2-update.win32_1.5.0.202011040924/tools/bin/../lib/gcc/arm-none-eabi/9.3.1/thumb/v7e-m+fp/hard\libgcc.a
LOAD c:/st/stm32cubeide_1.6.1/stm32cubeide/plugins/com.st.stm32cube.ide.mcu.externaltools.gnu-tools-for-stm32.9-2020-q2-update.win32_1.5.0.202011040924/tools/bin/../lib/gcc/arm-none-eabi/9.3.1/../../../../arm-none-eabi/lib/thumb/v7e-m+fp/hard\libc_nano.a
LOAD c:/st/stm32cubeide_1.6.1/stm32cubeide/plugins/com.st.stm32cube.ide.mcu.externaltools.gnu-tools-for-stm32.9-2020-q2-update.win32_1.5.0.202011040924/tools/bin/../lib/gcc/arm-none-eabi/9.3.1/../../../../arm-none-eabi/lib/thumb/v7e-m+fp/hard\libnosys.a
END GROUP
START GROUP
LOAD c:/st/stm32cubeide_1.6.1/stm32cubeide/plugins/com.st.stm32cube.ide.mcu.externaltools.gnu-tools-for-stm32.9-2020-q2-update.win32_1.5.0.202011040924/tools/bin/../lib/gcc/arm-none-eabi/9.3.1/thumb/v7e-m+fp/hard\libgcc.a
LOAD c:/st/stm32cubeide_1.6.1/stm32cubeide/plugins/com.st.stm32cube.ide.mcu.externaltools.gnu-tools-for-stm32.9-2020-q2-update.win32_1.5.0.202011040924/tools/bin/../lib/gcc/arm-none-eabi/9.3.1/../../../../arm-none-eabi/lib/thumb/v7e-m+fp/hard\libc_nano.a
LOAD c:/st/stm32cubeide_1.6.1/stm32cubeide/plugins/com.st.stm32cube.ide.mcu.externaltools.gnu-tools-for-stm32.9-2020-q2-update.win32_1.5.0.202011040924/tools/bin/../lib/gcc/arm-none-eabi/9.3.1/../../../../arm-none-eabi/lib/thumb/v7e-m+fp/hard\libnosys.a
END GROUP
LOAD c:/st/stm32cubeide_1.6.1/stm32cubeide/plugins/com.st.stm32cube.ide.mcu.externaltools.gnu-tools-for-stm32.9-2020-q2-update.win32_1.5.0.202011040924/tools/bin/../lib/gcc/arm-none-eabi/9.3.1/thumb/v7e-m+fp/hard/crtend.o
LOAD c:/st/stm32cubeide_1.6.1/stm32cubeide/plugins/com.st.stm32cube.ide.mcu.externaltools.gnu-tools-for-stm32.9-2020-q2-update.win32_1.5.0.202011040924/tools/bin/../lib/gcc/arm-none-eabi/9.3.1/thumb/v7e-m+fp/hard/crtn.o
                0x0000000020010000                _estack = (ORIGIN (RAM_GENERAL) + LENGTH (RAM_GENERAL))
                0x0000000000000200                _Min_Heap_Size = 0x200
                0x0000000000000400                _Min_Stack_Size = 0x400
                0x0000000020000000                RAM_FULL_START = 0x20000000
                0x0000000008000000                FLASH_FULL_START = 0x8000000
                0x0000000000010000                RAM_FULL_LENGTH = 0x10000
                0x0000000000000800                RAM_EMPTY_LENGTH = 0x800
                0x0000000000040000                FLASH_FULL_LENGTH = 0x40000
                0x0000000000005000                FLASH_BOOTLOADER_LENGTH = 0x5000
                0x0000000008005000                __flash_firmwares_earliest_begin = ORIGIN (FLASH_FIRMWARES)

.isr_vector     0x0000000008000000      0x18c
                0x0000000008000000                . = ALIGN (0x4)
                0x0000000020000000                __ram_vector_table_begin = ((. - FLASH_FULL_START) + RAM_FULL_START)
                0x0000000008000000                __flash_bootloader_begin = .
 *(.isr_vector)
 .isr_vector    0x0000000008000000      0x18c Core/Startup/startup_stm32l432kcux.o
                0x0000000008000000                g_pfnVectors
                0x000000002000018c                __ram_vector_table_end = ((. - FLASH_FULL_START) + RAM_FULL_START)
                0x000000000800018c                . = ALIGN (0x4)
                0x000000000800018c                . = ALIGN (0x4)
                0x000000002000018c                __ram_got_plt_begin = ((. - FLASH_FULL_START) + RAM_FULL_START)

.text           0x000000000800018c     0x1ba4
                0x000000000800018c                . = ALIGN (0x4)
 *(.text)
 .text          0x000000000800018c       0x40 c:/st/stm32cubeide_1.6.1/stm32cubeide/plugins/com.st.stm32cube.ide.mcu.externaltools.gnu-tools-for-stm32.9-2020-q2-update.win32_1.5.0.202011040924/tools/bin/../lib/gcc/arm-none-eabi/9.3.1/thumb/v7e-m+fp/hard/crtbegin.o
 *(.text*)
 .text.vL432kc_DeInitAndJump
                0x00000000080001cc      0x1a8 Core/Src/main.o
 .text.main     0x0000000008000374       0x70 Core/Src/main.o
                0x0000000008000374                main
 .text.SystemClock_Config
                0x00000000080003e4       0xc4 Core/Src/main.o
 .text.MX_GPIO_Init
                0x00000000080004a8       0x94 Core/Src/main.o
 .text.Error_Handler
                0x000000000800053c        0xa Core/Src/main.o
                0x000000000800053c                Error_Handler
 *fill*         0x0000000008000546        0x2 
 .text.HAL_MspInit
                0x0000000008000548       0x48 Core/Src/stm32l4xx_hal_msp.o
                0x0000000008000548                HAL_MspInit
 .text.NMI_Handler
                0x0000000008000590        0x6 Core/Src/stm32l4xx_it.o
                0x0000000008000590                NMI_Handler
 *fill*         0x0000000008000596        0x2 
 .text.HardFault_Handler
                0x0000000008000598       0x1c Core/Src/stm32l4xx_it.o
                0x0000000008000598                HardFault_Handler
 .text.MemManage_Handler
                0x00000000080005b4        0x6 Core/Src/stm32l4xx_it.o
                0x00000000080005b4                MemManage_Handler
 .text.BusFault_Handler
                0x00000000080005ba        0x6 Core/Src/stm32l4xx_it.o
                0x00000000080005ba                BusFault_Handler
 .text.UsageFault_Handler
                0x00000000080005c0        0x6 Core/Src/stm32l4xx_it.o
                0x00000000080005c0                UsageFault_Handler
 .text.SVC_Handler
                0x00000000080005c6        0xe Core/Src/stm32l4xx_it.o
                0x00000000080005c6                SVC_Handler
 .text.DebugMon_Handler
                0x00000000080005d4        0xe Core/Src/stm32l4xx_it.o
                0x00000000080005d4                DebugMon_Handler
 .text.PendSV_Handler
                0x00000000080005e2        0xe Core/Src/stm32l4xx_it.o
                0x00000000080005e2                PendSV_Handler
 .text.SysTick_Handler
                0x00000000080005f0        0xc Core/Src/stm32l4xx_it.o
                0x00000000080005f0                SysTick_Handler
 .text.SystemInit
                0x00000000080005fc       0x64 Core/Src/system_stm32l4xx.o
                0x00000000080005fc                SystemInit
 .text.Reset_Handler
                0x0000000008000660       0x50 Core/Startup/startup_stm32l432kcux.o
                0x0000000008000660                Reset_Handler
 .text.Default_Handler
                0x00000000080006b0        0x2 Core/Startup/startup_stm32l432kcux.o
                0x00000000080006b0                RTC_Alarm_IRQHandler
                0x00000000080006b0                EXTI2_IRQHandler
                0x00000000080006b0                TIM1_CC_IRQHandler
                0x00000000080006b0                TSC_IRQHandler
                0x00000000080006b0                TAMP_STAMP_IRQHandler
                0x00000000080006b0                EXTI3_IRQHandler
                0x00000000080006b0                LPTIM2_IRQHandler
                0x00000000080006b0                I2C3_ER_IRQHandler
                0x00000000080006b0                EXTI0_IRQHandler
                0x00000000080006b0                CAN1_RX0_IRQHandler
                0x00000000080006b0                FPU_IRQHandler
                0x00000000080006b0                TIM1_UP_TIM16_IRQHandler
                0x00000000080006b0                SPI1_IRQHandler
                0x00000000080006b0                TIM6_DAC_IRQHandler
                0x00000000080006b0                DMA2_Channel2_IRQHandler
                0x00000000080006b0                DMA1_Channel4_IRQHandler
                0x00000000080006b0                ADC1_IRQHandler
                0x00000000080006b0                DMA1_Channel7_IRQHandler
                0x00000000080006b0                CAN1_RX1_IRQHandler
                0x00000000080006b0                DMA2_Channel1_IRQHandler
                0x00000000080006b0                QUADSPI_IRQHandler
                0x00000000080006b0                I2C1_EV_IRQHandler
                0x00000000080006b0                DMA1_Channel6_IRQHandler
                0x00000000080006b0                DMA2_Channel4_IRQHandler
                0x00000000080006b0                RCC_IRQHandler
                0x00000000080006b0                TIM1_TRG_COM_IRQHandler
                0x00000000080006b0                DMA1_Channel1_IRQHandler
                0x00000000080006b0                Default_Handler
                0x00000000080006b0                DMA2_Channel7_IRQHandler
                0x00000000080006b0                EXTI15_10_IRQHandler
                0x00000000080006b0                TIM7_IRQHandler
                0x00000000080006b0                I2C3_EV_IRQHandler
                0x00000000080006b0                USB_IRQHandler
                0x00000000080006b0                EXTI9_5_IRQHandler
                0x00000000080006b0                RTC_WKUP_IRQHandler
                0x00000000080006b0                PVD_PVM_IRQHandler
                0x00000000080006b0                CAN1_TX_IRQHandler
                0x00000000080006b0                DMA2_Channel5_IRQHandler
                0x00000000080006b0                CRS_IRQHandler
                0x00000000080006b0                DMA1_Channel5_IRQHandler
                0x00000000080006b0                EXTI4_IRQHandler
                0x00000000080006b0                RNG_IRQHandler
                0x00000000080006b0                DMA1_Channel3_IRQHandler
                0x00000000080006b0                COMP_IRQHandler
                0x00000000080006b0                WWDG_IRQHandler
                0x00000000080006b0                LPUART1_IRQHandler
                0x00000000080006b0                DMA2_Channel6_IRQHandler
                0x00000000080006b0                TIM2_IRQHandler
                0x00000000080006b0                EXTI1_IRQHandler
                0x00000000080006b0                USART2_IRQHandler
                0x00000000080006b0                DMA1_Channel2_IRQHandler
                0x00000000080006b0                CAN1_SCE_IRQHandler
                0x00000000080006b0                FLASH_IRQHandler
                0x00000000080006b0                USART1_IRQHandler
                0x00000000080006b0                SPI3_IRQHandler
                0x00000000080006b0                I2C1_ER_IRQHandler
                0x00000000080006b0                SWPMI1_IRQHandler
                0x00000000080006b0                LPTIM1_IRQHandler
                0x00000000080006b0                SAI1_IRQHandler
                0x00000000080006b0                DMA2_Channel3_IRQHandler
                0x00000000080006b0                TIM1_BRK_TIM15_IRQHandler
 .text.HAL_Init
                0x00000000080006b2       0x30 Drivers/STM32L4xx_HAL_Driver/Src/stm32l4xx_hal.o
                0x00000000080006b2                HAL_Init
 *fill*         0x00000000080006e2        0x2 
 .text.HAL_DeInit
                0x00000000080006e4       0x68 Drivers/STM32L4xx_HAL_Driver/Src/stm32l4xx_hal.o
                0x00000000080006e4                HAL_DeInit
 .text.HAL_MspDeInit
                0x000000000800074c        0xe Drivers/STM32L4xx_HAL_Driver/Src/stm32l4xx_hal.o
                0x000000000800074c                HAL_MspDeInit
 *fill*         0x000000000800075a        0x2 
 .text.HAL_InitTick
                0x000000000800075c       0x78 Drivers/STM32L4xx_HAL_Driver/Src/stm32l4xx_hal.o
                0x000000000800075c                HAL_InitTick
 .text.HAL_IncTick
                0x00000000080007d4       0x28 Drivers/STM32L4xx_HAL_Driver/Src/stm32l4xx_hal.o
                0x00000000080007d4                HAL_IncTick
 .text.HAL_GetTick
                0x00000000080007fc       0x18 Drivers/STM32L4xx_HAL_Driver/Src/stm32l4xx_hal.o
                0x00000000080007fc                HAL_GetTick
 .text.__NVIC_SetPriorityGrouping
                0x0000000008000814       0x48 Drivers/STM32L4xx_HAL_Driver/Src/stm32l4xx_hal_cortex.o
 .text.__NVIC_GetPriorityGrouping
                0x000000000800085c       0x1c Drivers/STM32L4xx_HAL_Driver/Src/stm32l4xx_hal_cortex.o
 .text.__NVIC_SetPriority
                0x0000000008000878       0x54 Drivers/STM32L4xx_HAL_Driver/Src/stm32l4xx_hal_cortex.o
 .text.NVIC_EncodePriority
                0x00000000080008cc       0x66 Drivers/STM32L4xx_HAL_Driver/Src/stm32l4xx_hal_cortex.o
 *fill*         0x0000000008000932        0x2 
 .text.SysTick_Config
                0x0000000008000934       0x44 Drivers/STM32L4xx_HAL_Driver/Src/stm32l4xx_hal_cortex.o
 .text.HAL_NVIC_SetPriorityGrouping
                0x0000000008000978       0x16 Drivers/STM32L4xx_HAL_Driver/Src/stm32l4xx_hal_cortex.o
                0x0000000008000978                HAL_NVIC_SetPriorityGrouping
 .text.HAL_NVIC_SetPriority
                0x000000000800098e       0x38 Drivers/STM32L4xx_HAL_Driver/Src/stm32l4xx_hal_cortex.o
                0x000000000800098e                HAL_NVIC_SetPriority
 .text.HAL_SYSTICK_Config
                0x00000000080009c6       0x18 Drivers/STM32L4xx_HAL_Driver/Src/stm32l4xx_hal_cortex.o
                0x00000000080009c6                HAL_SYSTICK_Config
 *fill*         0x00000000080009de        0x2 
 .text.HAL_GPIO_Init
                0x00000000080009e0      0x2d4 Drivers/STM32L4xx_HAL_Driver/Src/stm32l4xx_hal_gpio.o
                0x00000000080009e0                HAL_GPIO_Init
 .text.HAL_GPIO_DeInit
                0x0000000008000cb4      0x194 Drivers/STM32L4xx_HAL_Driver/Src/stm32l4xx_hal_gpio.o
                0x0000000008000cb4                HAL_GPIO_DeInit
 .text.HAL_GPIO_WritePin
                0x0000000008000e48       0x30 Drivers/STM32L4xx_HAL_Driver/Src/stm32l4xx_hal_gpio.o
                0x0000000008000e48                HAL_GPIO_WritePin
 .text.HAL_GPIO_TogglePin
                0x0000000008000e78       0x34 Drivers/STM32L4xx_HAL_Driver/Src/stm32l4xx_hal_gpio.o
                0x0000000008000e78                HAL_GPIO_TogglePin
 .text.HAL_PWR_EnableBkUpAccess
                0x0000000008000eac       0x20 Drivers/STM32L4xx_HAL_Driver/Src/stm32l4xx_hal_pwr.o
                0x0000000008000eac                HAL_PWR_EnableBkUpAccess
 .text.HAL_PWREx_GetVoltageRange
                0x0000000008000ecc       0x1c Drivers/STM32L4xx_HAL_Driver/Src/stm32l4xx_hal_pwr_ex.o
                0x0000000008000ecc                HAL_PWREx_GetVoltageRange
 .text.HAL_PWREx_ControlVoltageScaling
                0x0000000008000ee8       0xac Drivers/STM32L4xx_HAL_Driver/Src/stm32l4xx_hal_pwr_ex.o
                0x0000000008000ee8                HAL_PWREx_ControlVoltageScaling
 .text.HAL_RCC_DeInit
                0x0000000008000f94      0x130 Drivers/STM32L4xx_HAL_Driver/Src/stm32l4xx_hal_rcc.o
                0x0000000008000f94                HAL_RCC_DeInit
 .text.HAL_RCC_OscConfig
                0x00000000080010c4      0x840 Drivers/STM32L4xx_HAL_Driver/Src/stm32l4xx_hal_rcc.o
                0x00000000080010c4                HAL_RCC_OscConfig
 .text.HAL_RCC_ClockConfig
                0x0000000008001904      0x1c4 Drivers/STM32L4xx_HAL_Driver/Src/stm32l4xx_hal_rcc.o
                0x0000000008001904                HAL_RCC_ClockConfig
 .text.HAL_RCC_GetSysClockFreq
                0x0000000008001ac8      0x118 Drivers/STM32L4xx_HAL_Driver/Src/stm32l4xx_hal_rcc.o
                0x0000000008001ac8                HAL_RCC_GetSysClockFreq
 .text.RCC_SetFlashLatencyFromMSIRange
                0x0000000008001be0       0xc0 Drivers/STM32L4xx_HAL_Driver/Src/stm32l4xx_hal_rcc.o
 .text.HAL_RCCEx_EnableMSIPLLMode
                0x0000000008001ca0       0x20 Drivers/STM32L4xx_HAL_Driver/Src/stm32l4xx_hal_rcc_ex.o
                0x0000000008001ca0                HAL_RCCEx_EnableMSIPLLMode
 .text.__libc_init_array
                0x0000000008001cc0       0x48 c:/st/stm32cubeide_1.6.1/stm32cubeide/plugins/com.st.stm32cube.ide.mcu.externaltools.gnu-tools-for-stm32.9-2020-q2-update.win32_1.5.0.202011040924/tools/bin/../lib/gcc/arm-none-eabi/9.3.1/../../../../arm-none-eabi/lib/thumb/v7e-m+fp/hard\libc_nano.a(lib_a-init.o)
                0x0000000008001cc0                __libc_init_array
 .text.memset   0x0000000008001d08       0x10 c:/st/stm32cubeide_1.6.1/stm32cubeide/plugins/com.st.stm32cube.ide.mcu.externaltools.gnu-tools-for-stm32.9-2020-q2-update.win32_1.5.0.202011040924/tools/bin/../lib/gcc/arm-none-eabi/9.3.1/../../../../arm-none-eabi/lib/thumb/v7e-m+fp/hard\libc_nano.a(lib_a-memset.o)
                0x0000000008001d08                memset
 *(.glue_7)
 .glue_7        0x0000000008001d18        0x0 linker stubs
 *(.glue_7t)
 .glue_7t       0x0000000008001d18        0x0 linker stubs
 *(.eh_frame)
 .eh_frame      0x0000000008001d18        0x0 c:/st/stm32cubeide_1.6.1/stm32cubeide/plugins/com.st.stm32cube.ide.mcu.externaltools.gnu-tools-for-stm32.9-2020-q2-update.win32_1.5.0.202011040924/tools/bin/../lib/gcc/arm-none-eabi/9.3.1/thumb/v7e-m+fp/hard/crtbegin.o
 *(.init)
 .init          0x0000000008001d18        0x4 c:/st/stm32cubeide_1.6.1/stm32cubeide/plugins/com.st.stm32cube.ide.mcu.externaltools.gnu-tools-for-stm32.9-2020-q2-update.win32_1.5.0.202011040924/tools/bin/../lib/gcc/arm-none-eabi/9.3.1/thumb/v7e-m+fp/hard/crti.o
                0x0000000008001d18                _init
 .init          0x0000000008001d1c        0x8 c:/st/stm32cubeide_1.6.1/stm32cubeide/plugins/com.st.stm32cube.ide.mcu.externaltools.gnu-tools-for-stm32.9-2020-q2-update.win32_1.5.0.202011040924/tools/bin/../lib/gcc/arm-none-eabi/9.3.1/thumb/v7e-m+fp/hard/crtn.o
 *(.fini)
 .fini          0x0000000008001d24        0x4 c:/st/stm32cubeide_1.6.1/stm32cubeide/plugins/com.st.stm32cube.ide.mcu.externaltools.gnu-tools-for-stm32.9-2020-q2-update.win32_1.5.0.202011040924/tools/bin/../lib/gcc/arm-none-eabi/9.3.1/thumb/v7e-m+fp/hard/crti.o
                0x0000000008001d24                _fini
 .fini          0x0000000008001d28        0x8 c:/st/stm32cubeide_1.6.1/stm32cubeide/plugins/com.st.stm32cube.ide.mcu.externaltools.gnu-tools-for-stm32.9-2020-q2-update.win32_1.5.0.202011040924/tools/bin/../lib/gcc/arm-none-eabi/9.3.1/thumb/v7e-m+fp/hard/crtn.o
                0x0000000008001d30                . = ALIGN (0x4)
                0x0000000008001d30                _etext = .

.vfp11_veneer   0x0000000008001d30        0x0
 .vfp11_veneer  0x0000000008001d30        0x0 linker stubs

.v4_bx          0x0000000008001d30        0x0
 .v4_bx         0x0000000008001d30        0x0 linker stubs

.iplt           0x0000000008001d30        0x0
 .iplt          0x0000000008001d30        0x0 c:/st/stm32cubeide_1.6.1/stm32cubeide/plugins/com.st.stm32cube.ide.mcu.externaltools.gnu-tools-for-stm32.9-2020-q2-update.win32_1.5.0.202011040924/tools/bin/../lib/gcc/arm-none-eabi/9.3.1/thumb/v7e-m+fp/hard/crtbegin.o

.rodata         0x0000000008001d30       0x40
                0x0000000008001d30                . = ALIGN (0x4)
 *(.rodata)
 *(.rodata*)
 .rodata.AHBPrescTable
                0x0000000008001d30       0x10 Core/Src/system_stm32l4xx.o
                0x0000000008001d30                AHBPrescTable
 .rodata.MSIRangeTable
                0x0000000008001d40       0x30 Core/Src/system_stm32l4xx.o
                0x0000000008001d40                MSIRangeTable
                0x0000000008001d70                . = ALIGN (0x4)

.rel.dyn        0x0000000008001d70        0x0
 .rel.iplt      0x0000000008001d70        0x0 c:/st/stm32cubeide_1.6.1/stm32cubeide/plugins/com.st.stm32cube.ide.mcu.externaltools.gnu-tools-for-stm32.9-2020-q2-update.win32_1.5.0.202011040924/tools/bin/../lib/gcc/arm-none-eabi/9.3.1/thumb/v7e-m+fp/hard/crtbegin.o

.ARM.extab      0x0000000008001d70        0x0
                0x0000000008001d70                . = ALIGN (0x4)
 *(.ARM.extab* .gnu.linkonce.armextab.*)
                0x0000000008001d70                . = ALIGN (0x4)

.ARM            0x0000000008001d70        0x0
                0x0000000008001d70                . = ALIGN (0x4)
                0x0000000008001d70                __exidx_start = .
 *(.ARM.exidx*)
                0x0000000008001d70                __exidx_end = .
                0x0000000008001d70                . = ALIGN (0x4)

.preinit_array  0x0000000008001d70        0x0
                0x0000000008001d70                . = ALIGN (0x4)
                0x0000000008001d70                PROVIDE (__preinit_array_start = .)
 *(.preinit_array*)
                0x0000000008001d70                PROVIDE (__preinit_array_end = .)
                0x0000000008001d70                . = ALIGN (0x4)

.init_array     0x0000000008001d70        0x4
                0x0000000008001d70                . = ALIGN (0x4)
                0x0000000008001d70                PROVIDE (__init_array_start = .)
 *(SORT_BY_NAME(.init_array.*))
 *(.init_array*)
 .init_array    0x0000000008001d70        0x4 c:/st/stm32cubeide_1.6.1/stm32cubeide/plugins/com.st.stm32cube.ide.mcu.externaltools.gnu-tools-for-stm32.9-2020-q2-update.win32_1.5.0.202011040924/tools/bin/../lib/gcc/arm-none-eabi/9.3.1/thumb/v7e-m+fp/hard/crtbegin.o
                0x0000000008001d74                PROVIDE (__init_array_end = .)
                0x0000000008001d74                . = ALIGN (0x4)

.fini_array     0x0000000008001d74        0x4
                0x0000000008001d74                . = ALIGN (0x4)
                [!provide]                        PROVIDE (__fini_array_start = .)
 *(SORT_BY_NAME(.fini_array.*))
 *(.fini_array*)
 .fini_array    0x0000000008001d74        0x4 c:/st/stm32cubeide_1.6.1/stm32cubeide/plugins/com.st.stm32cube.ide.mcu.externaltools.gnu-tools-for-stm32.9-2020-q2-update.win32_1.5.0.202011040924/tools/bin/../lib/gcc/arm-none-eabi/9.3.1/thumb/v7e-m+fp/hard/crtbegin.o
                [!provide]                        PROVIDE (__fini_array_end = .)
                0x0000000008001d78                . = ALIGN (0x4)
                0x0000000008001d78                _sidata = LOADADDR (.data)

.data           0x0000000020000800        0xc load address 0x0000000008001d78
                0x0000000020000800                . = ALIGN (0x4)
                0x0000000020000800                _sdata = .
 *(.data)
 *(.data*)
 .data.SystemCoreClock
                0x0000000020000800        0x4 Core/Src/system_stm32l4xx.o
                0x0000000020000800                SystemCoreClock
 .data.uwTickPrio
                0x0000000020000804        0x4 Drivers/STM32L4xx_HAL_Driver/Src/stm32l4xx_hal.o
                0x0000000020000804                uwTickPrio
 .data.uwTickFreq
                0x0000000020000808        0x1 Drivers/STM32L4xx_HAL_Driver/Src/stm32l4xx_hal.o
                0x0000000020000808                uwTickFreq
 *(.RamFunc)
 *(.RamFunc*)
                0x000000002000080c                . = ALIGN (0x4)
 *fill*         0x0000000020000809        0x3 
                0x000000002000080c                _edata = .

.igot.plt       0x000000002000080c        0x0 load address 0x0000000008001d84
 .igot.plt      0x000000002000080c        0x0 c:/st/stm32cubeide_1.6.1/stm32cubeide/plugins/com.st.stm32cube.ide.mcu.externaltools.gnu-tools-for-stm32.9-2020-q2-update.win32_1.5.0.202011040924/tools/bin/../lib/gcc/arm-none-eabi/9.3.1/thumb/v7e-m+fp/hard/crtbegin.o
                0x000000002000080c                . = ALIGN (0x4)

.bss            0x000000002000080c       0x20 load address 0x0000000008001d84
                0x000000002000080c                _sbss = .
                0x000000002000080c                __bss_start__ = _sbss
 *(.bss)
 .bss           0x000000002000080c       0x1c c:/st/stm32cubeide_1.6.1/stm32cubeide/plugins/com.st.stm32cube.ide.mcu.externaltools.gnu-tools-for-stm32.9-2020-q2-update.win32_1.5.0.202011040924/tools/bin/../lib/gcc/arm-none-eabi/9.3.1/thumb/v7e-m+fp/hard/crtbegin.o
 *(.bss*)
 *(COMMON)
 COMMON         0x0000000020000828        0x4 Drivers/STM32L4xx_HAL_Driver/Src/stm32l4xx_hal.o
                0x0000000020000828                uwTick
                0x000000002000082c                . = ALIGN (0x4)
                0x000000002000082c                _ebss = .
                0x000000002000082c                __bss_end__ = _ebss

._user_heap_stack
                0x000000002000082c      0x604 load address 0x0000000008001d84
                0x0000000020000830                . = ALIGN (0x8)
 *fill*         0x000000002000082c        0x4 
                [!provide]                        PROVIDE (end = .)
                0x0000000020000830                PROVIDE (_end = .)
                0x0000000020000a30                . = (. + _Min_Heap_Size)
 *fill*         0x0000000020000830      0x200 
                0x0000000020000e30                . = (. + _Min_Stack_Size)
 *fill*         0x0000000020000a30      0x400 
                0x0000000020000e30                . = ALIGN (0x8)

/DISCARD/
 libc.a(*)
 libm.a(*)
 libgcc.a(*)

.ARM.attributes
                0x0000000000000000       0x30
 *(.ARM.attributes)
 .ARM.attributes
                0x0000000000000000       0x1e c:/st/stm32cubeide_1.6.1/stm32cubeide/plugins/com.st.stm32cube.ide.mcu.externaltools.gnu-tools-for-stm32.9-2020-q2-update.win32_1.5.0.202011040924/tools/bin/../lib/gcc/arm-none-eabi/9.3.1/thumb/v7e-m+fp/hard/crti.o
 .ARM.attributes
                0x000000000000001e       0x34 c:/st/stm32cubeide_1.6.1/stm32cubeide/plugins/com.st.stm32cube.ide.mcu.externaltools.gnu-tools-for-stm32.9-2020-q2-update.win32_1.5.0.202011040924/tools/bin/../lib/gcc/arm-none-eabi/9.3.1/thumb/v7e-m+fp/hard/crtbegin.o
 .ARM.attributes
                0x0000000000000052       0x34 Core/Src/main.o
 .ARM.attributes
                0x0000000000000086       0x34 Core/Src/stm32l4xx_hal_msp.o
 .ARM.attributes
                0x00000000000000ba       0x34 Core/Src/stm32l4xx_it.o
 .ARM.attributes
                0x00000000000000ee       0x34 Core/Src/system_stm32l4xx.o
 .ARM.attributes
                0x0000000000000122       0x21 Core/Startup/startup_stm32l432kcux.o
 .ARM.attributes
                0x0000000000000143       0x34 Drivers/STM32L4xx_HAL_Driver/Src/stm32l4xx_hal.o
 .ARM.attributes
                0x0000000000000177       0x34 Drivers/STM32L4xx_HAL_Driver/Src/stm32l4xx_hal_cortex.o
 .ARM.attributes
                0x00000000000001ab       0x34 Drivers/STM32L4xx_HAL_Driver/Src/stm32l4xx_hal_gpio.o
 .ARM.attributes
                0x00000000000001df       0x34 Drivers/STM32L4xx_HAL_Driver/Src/stm32l4xx_hal_pwr.o
 .ARM.attributes
                0x0000000000000213       0x34 Drivers/STM32L4xx_HAL_Driver/Src/stm32l4xx_hal_pwr_ex.o
 .ARM.attributes
                0x0000000000000247       0x34 Drivers/STM32L4xx_HAL_Driver/Src/stm32l4xx_hal_rcc.o
 .ARM.attributes
                0x000000000000027b       0x34 Drivers/STM32L4xx_HAL_Driver/Src/stm32l4xx_hal_rcc_ex.o
 .ARM.attributes
                0x00000000000002af       0x34 c:/st/stm32cubeide_1.6.1/stm32cubeide/plugins/com.st.stm32cube.ide.mcu.externaltools.gnu-tools-for-stm32.9-2020-q2-update.win32_1.5.0.202011040924/tools/bin/../lib/gcc/arm-none-eabi/9.3.1/../../../../arm-none-eabi/lib/thumb/v7e-m+fp/hard\libc_nano.a(lib_a-init.o)
 .ARM.attributes
                0x00000000000002e3       0x34 c:/st/stm32cubeide_1.6.1/stm32cubeide/plugins/com.st.stm32cube.ide.mcu.externaltools.gnu-tools-for-stm32.9-2020-q2-update.win32_1.5.0.202011040924/tools/bin/../lib/gcc/arm-none-eabi/9.3.1/../../../../arm-none-eabi/lib/thumb/v7e-m+fp/hard\libc_nano.a(lib_a-memset.o)
 .ARM.attributes
                0x0000000000000317       0x1e c:/st/stm32cubeide_1.6.1/stm32cubeide/plugins/com.st.stm32cube.ide.mcu.externaltools.gnu-tools-for-stm32.9-2020-q2-update.win32_1.5.0.202011040924/tools/bin/../lib/gcc/arm-none-eabi/9.3.1/thumb/v7e-m+fp/hard/crtn.o
OUTPUT(L432KC_Bootloader.elf elf32-littlearm)
LOAD linker stubs
LOAD c:/st/stm32cubeide_1.6.1/stm32cubeide/plugins/com.st.stm32cube.ide.mcu.externaltools.gnu-tools-for-stm32.9-2020-q2-update.win32_1.5.0.202011040924/tools/bin/../lib/gcc/arm-none-eabi/9.3.1/../../../../arm-none-eabi/lib/thumb/v7e-m+fp/hard\libc.a
LOAD c:/st/stm32cubeide_1.6.1/stm32cubeide/plugins/com.st.stm32cube.ide.mcu.externaltools.gnu-tools-for-stm32.9-2020-q2-update.win32_1.5.0.202011040924/tools/bin/../lib/gcc/arm-none-eabi/9.3.1/../../../../arm-none-eabi/lib/thumb/v7e-m+fp/hard\libm.a
LOAD c:/st/stm32cubeide_1.6.1/stm32cubeide/plugins/com.st.stm32cube.ide.mcu.externaltools.gnu-tools-for-stm32.9-2020-q2-update.win32_1.5.0.202011040924/tools/bin/../lib/gcc/arm-none-eabi/9.3.1/thumb/v7e-m+fp/hard\libgcc.a

.debug_info     0x0000000000000000     0x784d
 .debug_info    0x0000000000000000      0xc57 Core/Src/main.o
 .debug_info    0x0000000000000c57      0x58f Core/Src/stm32l4xx_hal_msp.o
 .debug_info    0x00000000000011e6      0x3d2 Core/Src/stm32l4xx_it.o
 .debug_info    0x00000000000015b8      0x787 Core/Src/system_stm32l4xx.o
 .debug_info    0x0000000000001d3f       0x22 Core/Startup/startup_stm32l432kcux.o
 .debug_info    0x0000000000001d61      0xb5e Drivers/STM32L4xx_HAL_Driver/Src/stm32l4xx_hal.o
 .debug_info    0x00000000000028bf      0xfb0 Drivers/STM32L4xx_HAL_Driver/Src/stm32l4xx_hal_cortex.o
 .debug_info    0x000000000000386f      0xa5f Drivers/STM32L4xx_HAL_Driver/Src/stm32l4xx_hal_gpio.o
 .debug_info    0x00000000000042ce      0xb47 Drivers/STM32L4xx_HAL_Driver/Src/stm32l4xx_hal_pwr.o
 .debug_info    0x0000000000004e15      0xb7b Drivers/STM32L4xx_HAL_Driver/Src/stm32l4xx_hal_pwr_ex.o
 .debug_info    0x0000000000005990      0xdb5 Drivers/STM32L4xx_HAL_Driver/Src/stm32l4xx_hal_rcc.o
 .debug_info    0x0000000000006745     0x1108 Drivers/STM32L4xx_HAL_Driver/Src/stm32l4xx_hal_rcc_ex.o

.debug_abbrev   0x0000000000000000     0x156a
 .debug_abbrev  0x0000000000000000      0x1ed Core/Src/main.o
 .debug_abbrev  0x00000000000001ed      0x13d Core/Src/stm32l4xx_hal_msp.o
 .debug_abbrev  0x000000000000032a      0x11f Core/Src/stm32l4xx_it.o
 .debug_abbrev  0x0000000000000449      0x165 Core/Src/system_stm32l4xx.o
 .debug_abbrev  0x00000000000005ae       0x12 Core/Startup/startup_stm32l432kcux.o
 .debug_abbrev  0x00000000000005c0      0x20b Drivers/STM32L4xx_HAL_Driver/Src/stm32l4xx_hal.o
 .debug_abbrev  0x00000000000007cb      0x33c Drivers/STM32L4xx_HAL_Driver/Src/stm32l4xx_hal_cortex.o
 .debug_abbrev  0x0000000000000b07      0x1e8 Drivers/STM32L4xx_HAL_Driver/Src/stm32l4xx_hal_gpio.o
 .debug_abbrev  0x0000000000000cef      0x1ab Drivers/STM32L4xx_HAL_Driver/Src/stm32l4xx_hal_pwr.o
 .debug_abbrev  0x0000000000000e9a      0x1f3 Drivers/STM32L4xx_HAL_Driver/Src/stm32l4xx_hal_pwr_ex.o
 .debug_abbrev  0x000000000000108d      0x275 Drivers/STM32L4xx_HAL_Driver/Src/stm32l4xx_hal_rcc.o
 .debug_abbrev  0x0000000000001302      0x268 Drivers/STM32L4xx_HAL_Driver/Src/stm32l4xx_hal_rcc_ex.o

.debug_aranges  0x0000000000000000      0x6c0
 .debug_aranges
                0x0000000000000000       0x40 Core/Src/main.o
 .debug_aranges
                0x0000000000000040       0x20 Core/Src/stm32l4xx_hal_msp.o
 .debug_aranges
                0x0000000000000060       0x60 Core/Src/stm32l4xx_it.o
 .debug_aranges
                0x00000000000000c0       0x28 Core/Src/system_stm32l4xx.o
 .debug_aranges
                0x00000000000000e8       0x28 Core/Startup/startup_stm32l432kcux.o
 .debug_aranges
                0x0000000000000110      0x108 Drivers/STM32L4xx_HAL_Driver/Src/stm32l4xx_hal.o
 .debug_aranges
                0x0000000000000218      0x118 Drivers/STM32L4xx_HAL_Driver/Src/stm32l4xx_hal_cortex.o
 .debug_aranges
                0x0000000000000330       0x58 Drivers/STM32L4xx_HAL_Driver/Src/stm32l4xx_hal_gpio.o
 .debug_aranges
                0x0000000000000388       0x98 Drivers/STM32L4xx_HAL_Driver/Src/stm32l4xx_hal_pwr.o
 .debug_aranges
                0x0000000000000420      0x128 Drivers/STM32L4xx_HAL_Driver/Src/stm32l4xx_hal_pwr_ex.o
 .debug_aranges
                0x0000000000000548       0x88 Drivers/STM32L4xx_HAL_Driver/Src/stm32l4xx_hal_rcc.o
 .debug_aranges
                0x00000000000005d0       0xf0 Drivers/STM32L4xx_HAL_Driver/Src/stm32l4xx_hal_rcc_ex.o

.debug_ranges   0x0000000000000000      0x608
 .debug_ranges  0x0000000000000000       0x30 Core/Src/main.o
 .debug_ranges  0x0000000000000030       0x10 Core/Src/stm32l4xx_hal_msp.o
 .debug_ranges  0x0000000000000040       0x50 Core/Src/stm32l4xx_it.o
 .debug_ranges  0x0000000000000090       0x18 Core/Src/system_stm32l4xx.o
 .debug_ranges  0x00000000000000a8       0x20 Core/Startup/startup_stm32l432kcux.o
 .debug_ranges  0x00000000000000c8       0xf8 Drivers/STM32L4xx_HAL_Driver/Src/stm32l4xx_hal.o
 .debug_ranges  0x00000000000001c0      0x108 Drivers/STM32L4xx_HAL_Driver/Src/stm32l4xx_hal_cortex.o
 .debug_ranges  0x00000000000002c8       0x48 Drivers/STM32L4xx_HAL_Driver/Src/stm32l4xx_hal_gpio.o
 .debug_ranges  0x0000000000000310       0x88 Drivers/STM32L4xx_HAL_Driver/Src/stm32l4xx_hal_pwr.o
 .debug_ranges  0x0000000000000398      0x118 Drivers/STM32L4xx_HAL_Driver/Src/stm32l4xx_hal_pwr_ex.o
 .debug_ranges  0x00000000000004b0       0x78 Drivers/STM32L4xx_HAL_Driver/Src/stm32l4xx_hal_rcc.o
 .debug_ranges  0x0000000000000528       0xe0 Drivers/STM32L4xx_HAL_Driver/Src/stm32l4xx_hal_rcc_ex.o

.debug_macro    0x0000000000000000    0x1e822
 .debug_macro   0x0000000000000000      0x1c0 Core/Src/main.o
 .debug_macro   0x00000000000001c0      0xaa8 Core/Src/main.o
 .debug_macro   0x0000000000000c68      0x1a1 Core/Src/main.o
 .debug_macro   0x0000000000000e09       0x2e Core/Src/main.o
 .debug_macro   0x0000000000000e37       0x28 Core/Src/main.o
 .debug_macro   0x0000000000000e5f       0x22 Core/Src/main.o
 .debug_macro   0x0000000000000e81       0x8e Core/Src/main.o
 .debug_macro   0x0000000000000f0f       0x51 Core/Src/main.o
 .debug_macro   0x0000000000000f60      0x103 Core/Src/main.o
 .debug_macro   0x0000000000001063       0x6a Core/Src/main.o
 .debug_macro   0x00000000000010cd      0x1df Core/Src/main.o
 .debug_macro   0x00000000000012ac       0x1c Core/Src/main.o
 .debug_macro   0x00000000000012c8       0x22 Core/Src/main.o
 .debug_macro   0x00000000000012ea      0x101 Core/Src/main.o
 .debug_macro   0x00000000000013eb     0x1011 Core/Src/main.o
 .debug_macro   0x00000000000023fc      0x11f Core/Src/main.o
 .debug_macro   0x000000000000251b    0x1479f Core/Src/main.o
 .debug_macro   0x0000000000016cba       0x43 Core/Src/main.o
 .debug_macro   0x0000000000016cfd     0x3897 Core/Src/main.o
 .debug_macro   0x000000000001a594      0x174 Core/Src/main.o
 .debug_macro   0x000000000001a708       0x5c Core/Src/main.o
 .debug_macro   0x000000000001a764     0x118b Core/Src/main.o
 .debug_macro   0x000000000001b8ef      0x535 Core/Src/main.o
 .debug_macro   0x000000000001be24      0x13d Core/Src/main.o
 .debug_macro   0x000000000001bf61      0x122 Core/Src/main.o
 .debug_macro   0x000000000001c083      0x26b Core/Src/main.o
 .debug_macro   0x000000000001c2ee      0x23d Core/Src/main.o
 .debug_macro   0x000000000001c52b      0x241 Core/Src/main.o
 .debug_macro   0x000000000001c76c      0x375 Core/Src/main.o
 .debug_macro   0x000000000001cae1       0xd6 Core/Src/main.o
 .debug_macro   0x000000000001cbb7      0x22c Core/Src/main.o
 .debug_macro   0x000000000001cde3       0x61 Core/Src/main.o
 .debug_macro   0x000000000001ce44       0xa5 Core/Src/main.o
 .debug_macro   0x000000000001cee9      0x122 Core/Src/main.o
 .debug_macro   0x000000000001d00b      0x357 Core/Src/main.o
 .debug_macro   0x000000000001d362      0x221 Core/Src/main.o
 .debug_macro   0x000000000001d583       0x52 Core/Src/main.o
 .debug_macro   0x000000000001d5d5      0x1c0 Core/Src/stm32l4xx_hal_msp.o
 .debug_macro   0x000000000001d795      0x1ca Core/Src/stm32l4xx_it.o
 .debug_macro   0x000000000001d95f      0x1b1 Core/Src/system_stm32l4xx.o
 .debug_macro   0x000000000001db10      0x1f9 Drivers/STM32L4xx_HAL_Driver/Src/stm32l4xx_hal.o
 .debug_macro   0x000000000001dd09      0x1b1 Drivers/STM32L4xx_HAL_Driver/Src/stm32l4xx_hal_cortex.o
 .debug_macro   0x000000000001deba      0x1f0 Drivers/STM32L4xx_HAL_Driver/Src/stm32l4xx_hal_gpio.o
 .debug_macro   0x000000000001e0aa      0x1c9 Drivers/STM32L4xx_HAL_Driver/Src/stm32l4xx_hal_pwr.o
 .debug_macro   0x000000000001e273      0x1d5 Drivers/STM32L4xx_HAL_Driver/Src/stm32l4xx_hal_pwr_ex.o
 .debug_macro   0x000000000001e448      0x1f3 Drivers/STM32L4xx_HAL_Driver/Src/stm32l4xx_hal_rcc.o
 .debug_macro   0x000000000001e63b      0x1e7 Drivers/STM32L4xx_HAL_Driver/Src/stm32l4xx_hal_rcc_ex.o

.debug_line     0x0000000000000000     0x73eb
 .debug_line    0x0000000000000000      0x854 Core/Src/main.o
 .debug_line    0x0000000000000854      0x695 Core/Src/stm32l4xx_hal_msp.o
 .debug_line    0x0000000000000ee9      0x763 Core/Src/stm32l4xx_it.o
 .debug_line    0x000000000000164c      0x745 Core/Src/system_stm32l4xx.o
 .debug_line    0x0000000000001d91       0x87 Core/Startup/startup_stm32l432kcux.o
 .debug_line    0x0000000000001e18      0x9f1 Drivers/STM32L4xx_HAL_Driver/Src/stm32l4xx_hal.o
 .debug_line    0x0000000000002809      0xc2b Drivers/STM32L4xx_HAL_Driver/Src/stm32l4xx_hal_cortex.o
 .debug_line    0x0000000000003434      0xa7f Drivers/STM32L4xx_HAL_Driver/Src/stm32l4xx_hal_gpio.o
 .debug_line    0x0000000000003eb3      0x861 Drivers/STM32L4xx_HAL_Driver/Src/stm32l4xx_hal_pwr.o
 .debug_line    0x0000000000004714      0xb77 Drivers/STM32L4xx_HAL_Driver/Src/stm32l4xx_hal_pwr_ex.o
 .debug_line    0x000000000000528b      0xf0a Drivers/STM32L4xx_HAL_Driver/Src/stm32l4xx_hal_rcc.o
 .debug_line    0x0000000000006195     0x1256 Drivers/STM32L4xx_HAL_Driver/Src/stm32l4xx_hal_rcc_ex.o

.debug_str      0x0000000000000000    0xb7f49
 .debug_str     0x0000000000000000    0xb5e5d Core/Src/main.o
                                      0xb612f (size before relaxing)
 .debug_str     0x00000000000b5e5d       0x2c Core/Src/stm32l4xx_hal_msp.o
                                      0xb5d80 (size before relaxing)
 .debug_str     0x00000000000b5e89       0xcd Core/Src/stm32l4xx_it.o
                                      0xb5cce (size before relaxing)
 .debug_str     0x00000000000b5f56       0x64 Core/Src/system_stm32l4xx.o
                                      0xb5b9a (size before relaxing)
 .debug_str     0x00000000000b5fba       0x36 Core/Startup/startup_stm32l432kcux.o
                                         0x64 (size before relaxing)
 .debug_str     0x00000000000b5ff0      0x848 Drivers/STM32L4xx_HAL_Driver/Src/stm32l4xx_hal.o
                                      0xb6493 (size before relaxing)
 .debug_str     0x00000000000b6838      0x395 Drivers/STM32L4xx_HAL_Driver/Src/stm32l4xx_hal_cortex.o
                                      0xb62f0 (size before relaxing)
 .debug_str     0x00000000000b6bcd      0x23b Drivers/STM32L4xx_HAL_Driver/Src/stm32l4xx_hal_gpio.o
                                      0xb5e2f (size before relaxing)
 .debug_str     0x00000000000b6e08      0x2d9 Drivers/STM32L4xx_HAL_Driver/Src/stm32l4xx_hal_pwr.o
                                      0xb5eab (size before relaxing)
 .debug_str     0x00000000000b70e1      0x3fc Drivers/STM32L4xx_HAL_Driver/Src/stm32l4xx_hal_pwr_ex.o
                                      0xb6058 (size before relaxing)
 .debug_str     0x00000000000b74dd      0x395 Drivers/STM32L4xx_HAL_Driver/Src/stm32l4xx_hal_rcc.o
                                      0xb6131 (size before relaxing)
 .debug_str     0x00000000000b7872      0x6d7 Drivers/STM32L4xx_HAL_Driver/Src/stm32l4xx_hal_rcc_ex.o
                                      0xb63a9 (size before relaxing)

.comment        0x0000000000000000       0x53
 .comment       0x0000000000000000       0x53 Core/Src/main.o
                                         0x54 (size before relaxing)
 .comment       0x0000000000000053       0x54 Core/Src/stm32l4xx_hal_msp.o
 .comment       0x0000000000000053       0x54 Core/Src/stm32l4xx_it.o
 .comment       0x0000000000000053       0x54 Core/Src/system_stm32l4xx.o
 .comment       0x0000000000000053       0x54 Drivers/STM32L4xx_HAL_Driver/Src/stm32l4xx_hal.o
 .comment       0x0000000000000053       0x54 Drivers/STM32L4xx_HAL_Driver/Src/stm32l4xx_hal_cortex.o
 .comment       0x0000000000000053       0x54 Drivers/STM32L4xx_HAL_Driver/Src/stm32l4xx_hal_gpio.o
 .comment       0x0000000000000053       0x54 Drivers/STM32L4xx_HAL_Driver/Src/stm32l4xx_hal_pwr.o
 .comment       0x0000000000000053       0x54 Drivers/STM32L4xx_HAL_Driver/Src/stm32l4xx_hal_pwr_ex.o
 .comment       0x0000000000000053       0x54 Drivers/STM32L4xx_HAL_Driver/Src/stm32l4xx_hal_rcc.o
 .comment       0x0000000000000053       0x54 Drivers/STM32L4xx_HAL_Driver/Src/stm32l4xx_hal_rcc_ex.o

.debug_frame    0x0000000000000000     0x18f4
 .debug_frame   0x0000000000000000       0xb8 Core/Src/main.o
 .debug_frame   0x00000000000000b8       0x38 Core/Src/stm32l4xx_hal_msp.o
 .debug_frame   0x00000000000000f0      0x108 Core/Src/stm32l4xx_it.o
 .debug_frame   0x00000000000001f8       0x58 Core/Src/system_stm32l4xx.o
 .debug_frame   0x0000000000000250      0x3dc Drivers/STM32L4xx_HAL_Driver/Src/stm32l4xx_hal.o
 .debug_frame   0x000000000000062c      0x498 Drivers/STM32L4xx_HAL_Driver/Src/stm32l4xx_hal_cortex.o
 .debug_frame   0x0000000000000ac4      0x14c Drivers/STM32L4xx_HAL_Driver/Src/stm32l4xx_hal_gpio.o
 .debug_frame   0x0000000000000c10      0x230 Drivers/STM32L4xx_HAL_Driver/Src/stm32l4xx_hal_pwr.o
 .debug_frame   0x0000000000000e40      0x4a4 Drivers/STM32L4xx_HAL_Driver/Src/stm32l4xx_hal_pwr_ex.o
 .debug_frame   0x00000000000012e4      0x1f4 Drivers/STM32L4xx_HAL_Driver/Src/stm32l4xx_hal_rcc.o
 .debug_frame   0x00000000000014d8      0x3d0 Drivers/STM32L4xx_HAL_Driver/Src/stm32l4xx_hal_rcc_ex.o
 .debug_frame   0x00000000000018a8       0x2c c:/st/stm32cubeide_1.6.1/stm32cubeide/plugins/com.st.stm32cube.ide.mcu.externaltools.gnu-tools-for-stm32.9-2020-q2-update.win32_1.5.0.202011040924/tools/bin/../lib/gcc/arm-none-eabi/9.3.1/../../../../arm-none-eabi/lib/thumb/v7e-m+fp/hard\libc_nano.a(lib_a-init.o)
 .debug_frame   0x00000000000018d4       0x20 c:/st/stm32cubeide_1.6.1/stm32cubeide/plugins/com.st.stm32cube.ide.mcu.externaltools.gnu-tools-for-stm32.9-2020-q2-update.win32_1.5.0.202011040924/tools/bin/../lib/gcc/arm-none-eabi/9.3.1/../../../../arm-none-eabi/lib/thumb/v7e-m+fp/hard\libc_nano.a(lib_a-memset.o)
